
> @yarn/api@0.0.1 build
> tsc -p tsconfig.json

src/modules/auth/webauthn.service.ts(76,21): error TS2339: Property 'credentialID' does not exist on type '{ fmt: AttestationFormat; aaguid: string; credential: WebAuthnCredential; credentialType: "public-key"; attestationObject: Uint8Array<ArrayBuffer>; ... 5 more ...; authenticatorExtensionResults?: unknown; }'.
src/modules/auth/webauthn.service.ts(76,35): error TS2339: Property 'credentialPublicKey' does not exist on type '{ fmt: AttestationFormat; aaguid: string; credential: WebAuthnCredential; credentialType: "public-key"; attestationObject: Uint8Array<ArrayBuffer>; ... 5 more ...; authenticatorExtensionResults?: unknown; }'.
src/modules/auth/webauthn.service.ts(76,56): error TS2339: Property 'counter' does not exist on type '{ fmt: AttestationFormat; aaguid: string; credential: WebAuthnCredential; credentialType: "public-key"; attestationObject: Uint8Array<ArrayBuffer>; ... 5 more ...; authenticatorExtensionResults?: unknown; }'.
src/modules/auth/webauthn.service.ts(180,13): error TS2353: Object literal may only specify known properties, and 'authenticator' does not exist in type '{ response: AuthenticationResponseJSON; expectedChallenge: string | ((challenge: string) => boolean | Promise<boolean>); expectedOrigin: string | string[]; ... 4 more ...; advancedFIDOConfig?: { ...; } | undefined; }'.
node.exe : npm error 
Lifecycle script 
`build` failed with 
error:
At line:1 char:1
+ & "C:\Program Files
\nodejs/node.exe" "C:
\Users\gokul\AppData\
Roaming\ ...
+ ~~~~~~~~~~~~~~~~~~~
~~~~~~~~~~~~~~~~~~~~~
~~~~~~~~~~~~~~~~~~~~~
~~~~~~~~
    + CategoryInfo   
           : NotSpe  
  cified: (npm err   
 or Lifec...led w    
ith error::Strin    
g) [], RemoteExc    
eption
    + FullyQualified 
   ErrorId : Native  
  CommandError
 
npm error code 2
npm error path C:\Use
rs\gokul\Downloads\Ya
rn Management\Yarn-Ma
nagement\apps\api
npm error workspace 
@yarn/api@0.0.1
npm error location C:
\Users\gokul\Download
s\Yarn Management\Yar
n-Management\apps\api
npm error command 
failed
npm error command C:\
WINDOWS\system32\cmd.
exe /d /s /c tsc -p 
tsconfig.json
