apps/api/src/modules/import/import.service.ts(24,17): error TS2322: Type '{ name: any; email: any; phone: any; address: any; gstin: any; paymentTerms: any; rating: number | undefined; notes: any; status: any; }' is not assignable to type '(Without<SupplierCreateInput, SupplierUncheckedCreateInput> & SupplierUncheckedCreateInput) | (Without<...> & SupplierCreateInput)'.
  Type '{ name: any; email: any; phone: any; address: any; gstin: any; paymentTerms: any; rating: number | undefined; notes: any; status: any; }' is not assignable to type 'Without<SupplierUncheckedCreateInput, SupplierCreateInput> & SupplierCreateInput'.
    Type '{ name: any; email: any; phone: any; address: any; gstin: any; paymentTerms: any; rating: number | undefined; notes: any; status: any; }' is missing the following properties from type 'SupplierCreateInput': businessType, supplierCode, supplierType
apps/api/src/modules/import/import.service.ts(70,17): error TS2322: Type '{ batchNo: any; supplierId: string; materialType: any; quantity: string; unit: any; qualityScore: string; receivedDate: Date; costPerUnit: string; moistureContent: string; warehouseLocation: any; status: any; notes: any; }' is not assignable to type '(Without<RawMaterialCreateInput, RawMaterialUncheckedCreateInput> & RawMaterialUncheckedCreateInput) | (Without<...> & RawMaterialCreateInput)'.
  Type '{ batchNo: any; supplierId: string; materialType: any; quantity: string; unit: any; qualityScore: string; receivedDate: Date; costPerUnit: string; moistureContent: string; warehouseLocation: any; status: any; notes: any; }' is not assignable to type 'Without<RawMaterialCreateInput, RawMaterialUncheckedCreateInput> & RawMaterialUncheckedCreateInput'.
    Property 'totalCost' is missing in type '{ batchNo: any; supplierId: string; materialType: any; quantity: string; unit: any; qualityScore: string; receivedDate: Date; costPerUnit: string; moistureContent: string; warehouseLocation: any; status: any; notes: any; }' but required in type 'RawMaterialUncheckedCreateInput'.
